// Bun Snapshot v1, https://goo.gl/fbAQLP

exports[`delete a question 1`] = `
{
  "accepted_answer_id": null,
  "category_id": "film_category_id",
  "created_at": 2011-11-11T00:00:00.000Z,
  "id": "best-film-2011",
  "owner_id": "douglas_student_id",
  "title": "What is the best film of 2011 ?",
  "updated_at": 2011-11-11T00:00:00.000Z,
}
`;
