// Bun Snapshot v1, https://goo.gl/fbAQLP

exports[`return found user id 1`] = `
{
  "id": "douglas_user_id",
}
`;

exports[`return null when user not found 1`] = `null`;
