// Bun Snapshot v1, https://goo.gl/fbAQLP

exports[`Item 1`] = `
{
  "createdAt": 2023-09-22T15:29:49.791Z,
  "exchange": {
    "available_places": 1,
    "category": {
      "createdAt": 2023-09-08T11:13:21.531Z,
      "id": 1,
      "name": "Autres",
      "slug": "autres",
      "updatedAt": 2023-09-08T11:13:21.531Z,
    },
    "createdAt": 2023-08-27T09:21:43.718Z,
    "description": "Dans une licence LEA, vous étudiez deux langues los fimais aussi des matières d'application. (Si vous vous inscrivez à une licence où vous apprenez deux langues autres que l'anglais, vous aurez des cours d'anglais en plus). Le but n'est pas seulement de perfectionner communication…",
    "id": 4,
    "is_online": false,
    "location": "Bordeaux",
    "places": 1,
    "profile": {
      "about": "from ethereal.email",
      "createdAt": 2023-08-17T15:31:31.373Z,
      "firstname": "Alejandrin",
      "id": 12,
      "lastname": "Howe",
      "university": "Université 4",
      "updatedAt": 2023-09-11T07:27:30.984Z,
    },
    "slug": "cours-d-anglais-niveau-avance",
    "title": "Cours d'Anglais niveau avancé",
    "type": "proposal",
    "updatedAt": 2023-09-10T20:05:10.211Z,
    "when": 2023-10-27T00:00:00.000Z,
  },
  "id": 35,
  "updatedAt": 2023-09-23T00:59:30.936Z,
}
`;

exports[`List: Cours d'Anglais niveau avancé 1`] = `
{
  "createdAt": 2023-09-22T15:29:49.791Z,
  "exchange": {
    "available_places": 1,
    "category": {
      "createdAt": 2023-09-08T11:13:21.531Z,
      "id": 1,
      "name": "Autres",
      "slug": "autres",
      "updatedAt": 2023-09-08T11:13:21.531Z,
    },
    "createdAt": 2023-08-27T09:21:43.718Z,
    "description": "Dans une licence LEA, vous étudiez deux langues los fimais aussi des matières d'application. (Si vous vous inscrivez à une licence où vous apprenez deux langues autres que l'anglais, vous aurez des cours d'anglais en plus). Le but n'est pas seulement de perfectionner communication…",
    "id": 4,
    "is_online": false,
    "location": "Bordeaux",
    "places": 1,
    "profile": {
      "about": "from ethereal.email",
      "createdAt": 2023-08-17T15:31:31.373Z,
      "firstname": "Alejandrin",
      "id": 12,
      "lastname": "Howe",
      "university": "Université 4",
      "updatedAt": 2023-09-11T07:27:30.984Z,
    },
    "slug": "cours-d-anglais-niveau-avance",
    "title": "Cours d'Anglais niveau avancé",
    "type": "proposal",
    "updatedAt": 2023-09-10T20:05:10.211Z,
    "when": 2023-10-27T00:00:00.000Z,
  },
  "id": 35,
  "updatedAt": 2023-09-23T00:59:30.936Z,
}
`;
