// Bun Snapshot v1, https://goo.gl/fbAQLP

exports[`visitor should return latest exchanges 1`] = `
{
  "data": [
    {
      "category_id": "masterclass_category_id",
      "created_at": 2011-11-11T00:00:00.000Z,
      "description": "https://vulf.co/courses/dart/lectures/45940163",
      "expiry_date": null,
      "id": "slap_exchange_id",
      "is_active": true,
      "is_online": true,
      "location": null,
      "owner_id": "joedart_student_id",
      "places": 1,
      "return_id": null,
      "title": "Slap",
      "type": "PROPOSAL",
      "updated_at": 2011-11-11T00:00:00.000Z,
    },
  ],
  "next_cursor": undefined,
}
`;

exports[`visitor should not list successful exchanges 1`] = `
{
  "data": [],
  "next_cursor": undefined,
}
`;

exports[`visitor should not list expired exchanges 1`] = `
{
  "data": [],
  "next_cursor": undefined,
}
`;

exports[`connected studient should return latest exchanges 1`] = `
{
  "data": [
    {
      "category_id": "masterclass_category_id",
      "created_at": 2011-11-11T00:00:00.000Z,
      "description": "https://vulf.co/courses/dart/lectures/45940163",
      "expiry_date": null,
      "id": "slap_exchange_id",
      "is_active": true,
      "is_online": true,
      "location": null,
      "owner_id": "joedart_student_id",
      "places": 1,
      "return_id": null,
      "title": "Slap",
      "type": "PROPOSAL",
      "updated_at": 2011-11-11T00:00:00.000Z,
    },
  ],
  "next_cursor": undefined,
}
`;

exports[`connected studient should not list exchanges created by profile I blocked 1`] = `
{
  "data": [],
  "next_cursor": undefined,
}
`;

exports[`connected studient should not list exchanges created by profiles who blocked me 1`] = `
{
  "data": [],
  "next_cursor": undefined,
}
`;
